******************************************************************************
        TMS320C2000 COFF Linker PC v5.0.2                      
******************************************************************************
>> Linked Tue Aug 29 16:07:53 2017

OUTPUT FILE NAME:   <./Release/ACcontrol.out>
ENTRY POINT SYMBOL: "_c_int00"  address: 003f73c7


MEMORY CONFIGURATION

         name            origin    length      used     unused   attr    fill
----------------------  --------  ---------  --------  --------  ----  --------
PAGE 0:
  ZONE0                 00002000   00002000  00000000  00002000  RWIX
  ZONE1                 00004000   00002000  00000000  00002000  RWIX
  RAML0                 00008000   00001000  00000004  00000ffc  RWIX
  ZONE2                 00080000   00080000  00000000  00080000  RWIX
  ZONE6                 00100000   00080000  00000000  00080000  RWIX
  OTP                   003d7800   00000800  00000000  00000800  RWIX
  FLASHJ                003d8000   00002000  00000000  00002000  RWIX
  FLASHI                003da000   00002000  00000000  00002000  RWIX
  FLASHH                003dc000   00004000  00000000  00004000  RWIX
  FLASHG                003e0000   00004000  00000000  00004000  RWIX
  FLASHF                003e4000   00004000  00000000  00004000  RWIX
  FLASHE                003e8000   00004000  00000000  00004000  RWIX
  FLASHD                003ec000   00004000  00000004  00003ffc  RWIX
  FLASHC                003f0000   00004000  00000000  00004000  RWIX
  FLASHA                003f6000   00001f80  000016ad  000008d3  RWIX
  CSM_RSVD              003f7f80   00000076  00000000  00000076  RWIX
  BEGIN                 003f7ff6   00000002  00000002  00000000  RWIX
  CSM_PWL               003f7ff8   00000008  00000000  00000008  RWIX
  ROM                   003ff000   00000fc0  00000000  00000fc0  RWIX
  RESET                 003fffc0   00000002  00000000  00000002  RWIX
  VECTORS               003fffc2   0000003e  00000000  0000003e  RWIX

PAGE 1:
  RAMM0                 00000000   00000400  00000320  000000e0  RWIX
  RAMM1                 00000400   00000400  00000000  00000400  RWIX
  DEV_EMU               00000880   00000180  000000d6  000000aa  RWIX
  FLASH_REGS            00000a80   00000060  00000008  00000058  RWIX
  CSM                   00000ae0   00000010  00000010  00000000  RWIX
  XINTF                 00000b20   00000020  00000020  00000000  RWIX
  CPU_TIMER0            00000c00   00000008  00000008  00000000  RWIX
  CPU_TIMER1            00000c08   00000008  00000008  00000000  RWIX
  CPU_TIMER2            00000c10   00000008  00000008  00000000  RWIX
  PIE_CTRL              00000ce0   00000020  0000001a  00000006  RWIX
  PIE_VECT              00000d00   00000100  00000100  00000000  RWIX
  ECANA                 00006000   00000040  00000034  0000000c  RWIX
  ECANA_LAM             00006040   00000040  00000000  00000040  RWIX
  ECANA_MOTS            00006080   00000040  00000000  00000040  RWIX
  ECANA_MOTO            000060c0   00000040  00000000  00000040  RWIX
  ECANA_MBOX            00006100   00000100  00000100  00000000  RWIX
  SYSTEM                00007010   00000020  00000020  00000000  RWIX
  SPIA                  00007040   00000010  00000010  00000000  RWIX
  SCIA                  00007050   00000010  00000010  00000000  RWIX
  XINTRUPT              00007070   00000010  00000010  00000000  RWIX
  GPIOMUX               000070c0   00000020  00000020  00000000  RWIX
  GPIODAT               000070e0   00000020  00000020  00000000  RWIX
  ADC                   00007100   00000020  0000001a  00000006  RWIX
  EVA                   00007400   00000040  00000032  0000000e  RWIX
  EVB                   00007500   00000040  00000032  0000000e  RWIX
  SCIB                  00007750   00000010  00000010  00000000  RWIX
  MCBSPA                00007800   00000040  00000025  0000001b  RWIX
  RAML1                 00009000   00001000  00000198  00000e68  RWIX
  FLASHB                003f4000   00002000  00000000  00002000  RWIX
  CSM_PWL               003f7ff8   00000008  00000008  00000000  RWIX
  RAMH0                 003f8000   00002000  00000000  00002000  RWIX


SECTION ALLOCATION MAP

 output                                  attributes/
section   page    origin      length       input sections
--------  ----  ----------  ----------   ----------------
.data      0    00000000    00000000     UNINITIALIZED

ramfuncs   0    003ec000    00000004     RUN ADDR = 00008000
                  003ec000    00000004     DSP281x_usDelay.obj (ramfuncs)

IQmath     0    003f0000    00000000     UNINITIALIZED

.pinit     0    003f6000    00000000     UNINITIALIZED

.switch    0    003f6000    00000000     UNINITIALIZED

.text      0    003f6000    00001564     
                  003f6000    00000008     DSP281x_CodeStartBranch.obj (.text)
                  003f6008    0000006e     DSP28_CpuTimers.obj (.text)
                  003f6076    00000b87     DSP28_DefaultIsr.obj (.text)
                  003f6bfd    00000016     DSP28_Gpio.obj (.text)
                  003f6c13    00000005     DSP28_InitPeripherals.obj (.text)
                  003f6c18    00000021     DSP28_PieCtrl.obj (.text)
                  003f6c39    00000020     DSP28_PieVect.obj (.text)
                  003f6c59    0000001b     DSP28_Sci.obj (.text)
                  003f6c74    00000036     DSP28_SysCtrl.obj (.text)
                  003f6caa    0000001f     DSP28_Xintf.obj (.text)
                  003f6cc9    000006fe     main.obj (.text)
                  003f73c7    00000044     rts2800_ml.lib : boot.obj (.text)
                  003f740b    00000018                    : exit.obj (.text)
                  003f7423    00000083                    : fs_div.obj (.text)
                  003f74a6    0000005a                    : fs_mpy.obj (.text)
                  003f7500    00000029                    : fs_tol.obj (.text)
                  003f7529    0000001d                    : fs_tou.obj (.text)
                  003f7546    00000009                    : _lock.obj (.text)
                  003f754f    00000015                    : args_main.obj (.text)

.econst    0    003f7564    00000100     
                  003f7564    00000100     DSP28_PieVect.obj (.econst)

.cinit     0    003f7664    00000049     
                  003f7664    00000034     main.obj (.cinit)
                  003f7698    0000000a     rts2800_ml.lib : exit.obj (.cinit)
                  003f76a2    0000000a                    : _lock.obj (.cinit)
                  003f76ac    00000001     --HOLE-- [fill = 0]

csm_rsvd   0    003f7f80    00000000     UNINITIALIZED

codestart 
*          0    003f7ff6    00000002     
                  003f7ff6    00000002     DSP281x_CodeStartBranch.obj (codestart)

csmpasswds 
*          0    003f7ff8    00000000     UNINITIALIZED

IQmathTables 
*          0    003ff000    00000000     NOLOAD SECTION

.reset     0    003fffc0    00000002     DSECT
                  003fffc0    00000002     rts2800_ml.lib : boot.obj (.reset)

vectors    0    003fffc2    00000000     DSECT

.bss       1    00000000    00000000     UNINITIALIZED

.stack     1    00000000    00000320     UNINITIALIZED

DevEmuRegsFile 
*          1    00000880    000000d6     UNINITIALIZED
                  00000880    000000d6     DSP28_GlobalVariableDefs.obj (DevEmuRegsFile)

FlashRegsFile 
*          1    00000a80    00000008     UNINITIALIZED
                  00000a80    00000008     DSP28_GlobalVariableDefs.obj (FlashRegsFile)

CsmRegsFile 
*          1    00000ae0    00000010     UNINITIALIZED
                  00000ae0    00000010     DSP28_GlobalVariableDefs.obj (CsmRegsFile)

XintfRegsFile 
*          1    00000b20    00000020     UNINITIALIZED
                  00000b20    00000020     DSP28_GlobalVariableDefs.obj (XintfRegsFile)

CpuTimer0RegsFile 
*          1    00000c00    00000008     UNINITIALIZED
                  00000c00    00000008     DSP28_GlobalVariableDefs.obj (CpuTimer0RegsFile)

CpuTimer1RegsFile 
*          1    00000c08    00000008     UNINITIALIZED
                  00000c08    00000008     DSP28_GlobalVariableDefs.obj (CpuTimer1RegsFile)

CpuTimer2RegsFile 
*          1    00000c10    00000008     UNINITIALIZED
                  00000c10    00000008     DSP28_GlobalVariableDefs.obj (CpuTimer2RegsFile)

PieCtrlRegsFile 
*          1    00000ce0    0000001a     UNINITIALIZED
                  00000ce0    0000001a     DSP28_GlobalVariableDefs.obj (PieCtrlRegsFile)

PieVectTable 
*          1    00000d00    00000100     UNINITIALIZED
                  00000d00    00000100     DSP28_GlobalVariableDefs.obj (PieVectTable)

ECanaRegsFile 
*          1    00006000    00000034     UNINITIALIZED
                  00006000    00000034     DSP28_GlobalVariableDefs.obj (ECanaRegsFile)

ECanaLAMRegsFile 
*          1    00006040    00000000     UNINITIALIZED

ECanaMOTSRegsFile 
*          1    00006080    00000000     UNINITIALIZED

ECanaMOTORegsFile 
*          1    000060c0    00000000     UNINITIALIZED

ECanaMboxesFile 
*          1    00006100    00000100     UNINITIALIZED
                  00006100    00000100     DSP28_GlobalVariableDefs.obj (ECanaMboxesFile)

SysCtrlRegsFile 
*          1    00007010    00000020     UNINITIALIZED
                  00007010    00000020     DSP28_GlobalVariableDefs.obj (SysCtrlRegsFile)

SpiaRegsFile 
*          1    00007040    00000010     UNINITIALIZED
                  00007040    00000010     DSP28_GlobalVariableDefs.obj (SpiaRegsFile)

SciaRegsFile 
*          1    00007050    00000010     UNINITIALIZED
                  00007050    00000010     DSP28_GlobalVariableDefs.obj (SciaRegsFile)

XIntruptRegsFile 
*          1    00007070    00000010     UNINITIALIZED
                  00007070    00000010     DSP28_GlobalVariableDefs.obj (XIntruptRegsFile)

GpioMuxRegsFile 
*          1    000070c0    00000020     UNINITIALIZED
                  000070c0    00000020     DSP28_GlobalVariableDefs.obj (GpioMuxRegsFile)

GpioDataRegsFile 
*          1    000070e0    00000020     UNINITIALIZED
                  000070e0    00000020     DSP28_GlobalVariableDefs.obj (GpioDataRegsFile)

AdcRegsFile 
*          1    00007100    0000001a     UNINITIALIZED
                  00007100    0000001a     DSP28_GlobalVariableDefs.obj (AdcRegsFile)

EvaRegsFile 
*          1    00007400    00000032     UNINITIALIZED
                  00007400    00000032     DSP28_GlobalVariableDefs.obj (EvaRegsFile)

EvbRegsFile 
*          1    00007500    00000032     UNINITIALIZED
                  00007500    00000032     DSP28_GlobalVariableDefs.obj (EvbRegsFile)

ScibRegsFile 
*          1    00007750    00000010     UNINITIALIZED
                  00007750    00000010     DSP28_GlobalVariableDefs.obj (ScibRegsFile)

McbspaRegsFile 
*          1    00007800    00000025     UNINITIALIZED
                  00007800    00000025     DSP28_GlobalVariableDefs.obj (McbspaRegsFile)

.ebss      1    00009000    00000198     UNINITIALIZED
                  00009000    00000178     main.obj (.ebss)
                  00009178    00000004     rts2800_ml.lib : _lock.obj (.ebss)
                  0000917c    00000004                    : exit.obj (.ebss)
                  00009180    00000018     DSP28_CpuTimers.obj (.ebss)

CsmPwlFile 
*          1    003f7ff8    00000008     UNINITIALIZED
                  003f7ff8    00000008     DSP28_GlobalVariableDefs.obj (CsmPwlFile)

.esysmem   1    003f8000    00000000     UNINITIALIZED


GLOBAL SYMBOLS: SORTED ALPHABETICALLY BY Name 

address    name
--------   ----
00000000   .bss
00000000   .data
003f6000   .text
003f740b   C$$EXIT
003f7423   FS$$DIV
003f74a6   FS$$MPY
003f7500   FS$$TOL
003f7529   FS$$TOU
0000900e   _A0CH
00009080   _AC_Case
003f60df   _ADCINT_ISR
00009010   _AD_Data1
00007100   _AdcRegs
0000900b   _BBu
0000900c   _BBuf
00009002   _BBufH
00009009   _BBufL
00009006   _BufH
00009003   _BufL
003f612a   _CAPINT1_ISR
003f612f   _CAPINT2_ISR
003f6134   _CAPINT3_ISR
003f6175   _CAPINT4_ISR
003f617a   _CAPINT5_ISR
003f617f   _CAPINT6_ISR
003f60f3   _CMP1INT_ISR
003f60f8   _CMP2INT_ISR
003f60fd   _CMP3INT_ISR
003f613e   _CMP4INT_ISR
003f6143   _CMP5INT_ISR
003f6148   _CMP6INT_ISR
00009012   _Capacitance
003f6041   _ConfigCpuTimer
00009190   _CpuTimer0
00000c00   _CpuTimer0Regs
00009180   _CpuTimer1
00000c08   _CpuTimer1Regs
00009188   _CpuTimer2
00000c10   _CpuTimer2Regs
003f7ff8   _CsmPwl
00000ae0   _CsmRegs
003f608f   _DATALOG_ISR
00009016   _DA_CHA
00009014   _DA_CHB
0000901a   _DA_CHC
00008000   _DSP28x_usDelay
00000880   _DevEmuRegs
003f6be9   _ECAN0INTA_ISR
003f6bee   _ECAN1INTA_ISR
00006100   _ECanaMboxes
00006000   _ECanaRegs
003f6099   _EMUINT_ISR
00009100   _E_empty
00009140   _E_full
00009007   _Error
00007400   _EvaRegs
00007500   _EvbRegs
00000a80   _FlashRegs
00009008   _Gain
000070e0   _GpioDataRegs
000070c0   _GpioMuxRegs
003f609e   _ILLEGAL_ISR
003f6076   _INT13_ISR
003f607b   _INT14_ISR
003f6198   _ISRTimer0
003f6008   _InitCpuTimers
003f6bfd   _InitGpio
003f6c13   _InitPeripherals
003f6c18   _InitPieCtrl
003f6c39   _InitPieVectTable
003f6c59   _InitSci
003f6c74   _InitSysCtrl
003f6caa   _InitXintf
003f6ca0   _KickDog
003f6184   _MRINTA_ISR
003f6189   _MXINTA_ISR
00007800   _McbspaRegs
003f6080   _NMI_ISR
003f60ee   _PDPINTA_ISR
003f6139   _PDPINTB_ISR
003f6bf3   _PIE_RESERVED
00000ce0   _PieCtrl
00000d00   _PieVectTable
003f7564   _PieVectTableInit
003f6094   _RTOSINT_ISR
003f6ba0   _SCIRXINTA_ISR
003f6bdf   _SCIRXINTB_ISR
003f6bda   _SCITXINTA_ISR
003f6be4   _SCITXINTB_ISR
003f618e   _SPIRXINTA_ISR
003f6193   _SPITXINTA_ISR
0000901c   _Sci_Bufdec
00009040   _Sci_VarRx
000090c0   _Sci_VarRx2
00007050   _SciaRegs
00007750   _ScibRegs
00009001   _Send_Flag
00007040   _SpiaRegs
00007010   _SysCtrlRegs
003f6107   _T1CINT_ISR
003f6111   _T1OFINT_ISR
003f6102   _T1PINT_ISR
003f610c   _T1UFINT_ISR
003f611b   _T2CINT_ISR
003f6125   _T2OFINT_ISR
003f6116   _T2PINT_ISR
003f6120   _T2UFINT_ISR
003f6152   _T3CINT_ISR
003f615c   _T3OFINT_ISR
003f614d   _T3PINT_ISR
003f6157   _T3UFINT_ISR
003f6166   _T4CINT_ISR
003f6170   _T4OFINT_ISR
003f6161   _T4PINT_ISR
003f616b   _T4UFINT_ISR
003f60e4   _TINT0_ISR
003f60a3   _USER0_ISR
003f60d5   _USER10_ISR
003f60da   _USER11_ISR
003f60a8   _USER1_ISR
003f60ad   _USER2_ISR
003f60b2   _USER3_ISR
003f60b7   _USER4_ISR
003f60bc   _USER5_ISR
003f60c1   _USER6_ISR
003f60c6   _USER7_ISR
003f60cb   _USER8_ISR
003f60d0   _USER9_ISR
003f60e9   _WAKEINT_ISR
003f6085   _XINT1_ISR
003f608a   _XINT2_ISR
00007070   _XIntruptRegs
00000b20   _XintfRegs
00000320   __STACK_SIZE
ffffffff   ___TI_pprof_out_hndl
ffffffff   ___TI_prof_var_size
ffffffff   ___TI_prof_var_start
ffffffff   ___binit__
00000000   ___bss__
ffffffff   ___c_args__
003f7664   ___cinit__
00000000   ___data__
00000000   ___edata__
00000000   ___end__
003f7564   ___etext__
ffffffff   ___pinit__
003f6000   ___text__
003f754f   __args_main
0000917c   __cleanup_ptr
0000917e   __dtors_ptr
0000917a   __lock
003f754e   __nop
003f754a   __register_lock
003f7546   __register_unlock
00000000   __stack
00009178   __unlock
003f740b   _abort
003f72ae   _ad9833_data
003f73c7   _c_int00
00009005   _crc
00009004   _crcH
0000900a   _crcL
003f7386   _dac712_data
003f7238   _delay
003f740d   _exit
003f7397   _getcheckcode
00009018   _i
003f6cc9   _main
003f6bf8   _rsvd_ISR
003f7241   _write_ad9833_d16
00009000   _z
ffffffff   binit
003f7664   cinit
00000000   edata
00000000   end
003f7564   etext
ffffffff   pinit


GLOBAL SYMBOLS: SORTED BY Symbol Address 

address    name
--------   ----
00000000   .bss
00000000   .data
00000000   ___bss__
00000000   ___data__
00000000   ___edata__
00000000   ___end__
00000000   __stack
00000000   edata
00000000   end
00000320   __STACK_SIZE
00000880   _DevEmuRegs
00000a80   _FlashRegs
00000ae0   _CsmRegs
00000b20   _XintfRegs
00000c00   _CpuTimer0Regs
00000c08   _CpuTimer1Regs
00000c10   _CpuTimer2Regs
00000ce0   _PieCtrl
00000d00   _PieVectTable
00006000   _ECanaRegs
00006100   _ECanaMboxes
00007010   _SysCtrlRegs
00007040   _SpiaRegs
00007050   _SciaRegs
00007070   _XIntruptRegs
000070c0   _GpioMuxRegs
000070e0   _GpioDataRegs
00007100   _AdcRegs
00007400   _EvaRegs
00007500   _EvbRegs
00007750   _ScibRegs
00007800   _McbspaRegs
00008000   _DSP28x_usDelay
00009000   _z
00009001   _Send_Flag
00009002   _BBufH
00009003   _BufL
00009004   _crcH
00009005   _crc
00009006   _BufH
00009007   _Error
00009008   _Gain
00009009   _BBufL
0000900a   _crcL
0000900b   _BBu
0000900c   _BBuf
0000900e   _A0CH
00009010   _AD_Data1
00009012   _Capacitance
00009014   _DA_CHB
00009016   _DA_CHA
00009018   _i
0000901a   _DA_CHC
0000901c   _Sci_Bufdec
00009040   _Sci_VarRx
00009080   _AC_Case
000090c0   _Sci_VarRx2
00009100   _E_empty
00009140   _E_full
00009178   __unlock
0000917a   __lock
0000917c   __cleanup_ptr
0000917e   __dtors_ptr
00009180   _CpuTimer1
00009188   _CpuTimer2
00009190   _CpuTimer0
003f6000   .text
003f6000   ___text__
003f6008   _InitCpuTimers
003f6041   _ConfigCpuTimer
003f6076   _INT13_ISR
003f607b   _INT14_ISR
003f6080   _NMI_ISR
003f6085   _XINT1_ISR
003f608a   _XINT2_ISR
003f608f   _DATALOG_ISR
003f6094   _RTOSINT_ISR
003f6099   _EMUINT_ISR
003f609e   _ILLEGAL_ISR
003f60a3   _USER0_ISR
003f60a8   _USER1_ISR
003f60ad   _USER2_ISR
003f60b2   _USER3_ISR
003f60b7   _USER4_ISR
003f60bc   _USER5_ISR
003f60c1   _USER6_ISR
003f60c6   _USER7_ISR
003f60cb   _USER8_ISR
003f60d0   _USER9_ISR
003f60d5   _USER10_ISR
003f60da   _USER11_ISR
003f60df   _ADCINT_ISR
003f60e4   _TINT0_ISR
003f60e9   _WAKEINT_ISR
003f60ee   _PDPINTA_ISR
003f60f3   _CMP1INT_ISR
003f60f8   _CMP2INT_ISR
003f60fd   _CMP3INT_ISR
003f6102   _T1PINT_ISR
003f6107   _T1CINT_ISR
003f610c   _T1UFINT_ISR
003f6111   _T1OFINT_ISR
003f6116   _T2PINT_ISR
003f611b   _T2CINT_ISR
003f6120   _T2UFINT_ISR
003f6125   _T2OFINT_ISR
003f612a   _CAPINT1_ISR
003f612f   _CAPINT2_ISR
003f6134   _CAPINT3_ISR
003f6139   _PDPINTB_ISR
003f613e   _CMP4INT_ISR
003f6143   _CMP5INT_ISR
003f6148   _CMP6INT_ISR
003f614d   _T3PINT_ISR
003f6152   _T3CINT_ISR
003f6157   _T3UFINT_ISR
003f615c   _T3OFINT_ISR
003f6161   _T4PINT_ISR
003f6166   _T4CINT_ISR
003f616b   _T4UFINT_ISR
003f6170   _T4OFINT_ISR
003f6175   _CAPINT4_ISR
003f617a   _CAPINT5_ISR
003f617f   _CAPINT6_ISR
003f6184   _MRINTA_ISR
003f6189   _MXINTA_ISR
003f618e   _SPIRXINTA_ISR
003f6193   _SPITXINTA_ISR
003f6198   _ISRTimer0
003f6ba0   _SCIRXINTA_ISR
003f6bda   _SCITXINTA_ISR
003f6bdf   _SCIRXINTB_ISR
003f6be4   _SCITXINTB_ISR
003f6be9   _ECAN0INTA_ISR
003f6bee   _ECAN1INTA_ISR
003f6bf3   _PIE_RESERVED
003f6bf8   _rsvd_ISR
003f6bfd   _InitGpio
003f6c13   _InitPeripherals
003f6c18   _InitPieCtrl
003f6c39   _InitPieVectTable
003f6c59   _InitSci
003f6c74   _InitSysCtrl
003f6ca0   _KickDog
003f6caa   _InitXintf
003f6cc9   _main
003f7238   _delay
003f7241   _write_ad9833_d16
003f72ae   _ad9833_data
003f7386   _dac712_data
003f7397   _getcheckcode
003f73c7   _c_int00
003f740b   C$$EXIT
003f740b   _abort
003f740d   _exit
003f7423   FS$$DIV
003f74a6   FS$$MPY
003f7500   FS$$TOL
003f7529   FS$$TOU
003f7546   __register_unlock
003f754a   __register_lock
003f754e   __nop
003f754f   __args_main
003f7564   _PieVectTableInit
003f7564   ___etext__
003f7564   etext
003f7664   ___cinit__
003f7664   cinit
003f7ff8   _CsmPwl
ffffffff   ___TI_pprof_out_hndl
ffffffff   ___TI_prof_var_size
ffffffff   ___TI_prof_var_start
ffffffff   ___binit__
ffffffff   ___c_args__
ffffffff   ___pinit__
ffffffff   binit
ffffffff   pinit

[177 symbols]
